// Jest Snapshot v1, https://goo.gl/fbAQLP

exports[`AddContact tests it should render correctly 1`] = `ShallowWrapper {}`;
