// Jest Snapshot v1, https://goo.gl/fbAQLP

exports[`PaginationBar tests it should render correctly 1`] = `ShallowWrapper {}`;
